Bulk Import Log - Started at 2026-04-02 14:32:23.092980
================================================================================

2026-04-02 14:32:23 | INFO    | [SYSTEM] Starting bulk import: 119 tickers, 10 periods each
2026-04-02 14:32:23 | INFO    | [ABT] Retrieved company: ABBOTT LABORATORIES
2026-04-02 14:32:23 | INFO    | [ABT] Found 10 10-K filings
2026-04-02 14:32:24 | SUCCESS | [ABT 2025] Income statement: 100.0% coverage
2026-04-02 14:32:25 | SUCCESS | [ABT 2025] Balance sheet: 100.0% coverage
2026-04-02 14:32:25 | SUCCESS | [ABT 2025] Cash flow: 100.0% coverage
2026-04-02 14:32:26 | INFO    | [ABT 2024] Already in database, skipping
2026-04-02 14:32:26 | INFO    | [ABT 2023] Already in database, skipping
2026-04-02 14:32:26 | INFO    | [ABT 2022] Already in database, skipping
2026-04-02 14:32:27 | INFO    | [ABT 2021] Already in database, skipping
2026-04-02 14:32:27 | SUCCESS | [ABT 2020] Income statement: 100.0% coverage
2026-04-02 14:32:28 | SUCCESS | [ABT 2020] Balance sheet: 100.0% coverage
2026-04-02 14:32:28 | SUCCESS | [ABT 2020] Cash flow: 100.0% coverage
2026-04-02 14:32:30 | SUCCESS | [ABT 2019] Income statement: 100.0% coverage
2026-04-02 14:32:30 | SUCCESS | [ABT 2019] Balance sheet: 100.0% coverage
2026-04-02 14:32:31 | SUCCESS | [ABT 2019] Cash flow: 100.0% coverage
2026-04-02 14:32:33 | SUCCESS | [ABT 2018] Income statement: 100.0% coverage
2026-04-02 14:32:34 | SUCCESS | [ABT 2018] Balance sheet: 100.0% coverage
2026-04-02 14:32:34 | SUCCESS | [ABT 2018] Cash flow: 100.0% coverage
2026-04-02 14:32:36 | SUCCESS | [ABT 2017] Income statement: 100.0% coverage
2026-04-02 14:32:36 | SUCCESS | [ABT 2017] Balance sheet: 100.0% coverage
2026-04-02 14:32:37 | SUCCESS | [ABT 2017] Cash flow: 100.0% coverage
2026-04-02 14:32:39 | SUCCESS | [ABT 2016] Income statement: 100.0% coverage
2026-04-02 14:32:39 | SUCCESS | [ABT 2016] Balance sheet: 100.0% coverage
2026-04-02 14:32:40 | SUCCESS | [ABT 2016] Cash flow: 100.0% coverage
2026-04-02 14:32:41 | INFO    | [ACN] Retrieved company: Accenture plc
2026-04-02 14:32:41 | INFO    | [ACN] Found 10 10-K filings
2026-04-02 14:32:42 | SUCCESS | [ACN 2025] Income statement: 100.0% coverage
2026-04-02 14:32:42 | SUCCESS | [ACN 2025] Balance sheet: 100.0% coverage
2026-04-02 14:32:43 | SUCCESS | [ACN 2025] Cash flow: 100.0% coverage
2026-04-02 14:32:44 | SUCCESS | [ACN 2024] Income statement: 100.0% coverage
2026-04-02 14:32:45 | SUCCESS | [ACN 2024] Balance sheet: 100.0% coverage
2026-04-02 14:32:48 | SUCCESS | [ACN 2024] Cash flow: 100.0% coverage
2026-04-02 14:32:50 | SUCCESS | [ACN 2023] Income statement: 100.0% coverage
2026-04-02 14:32:51 | SUCCESS | [ACN 2023] Balance sheet: 100.0% coverage
2026-04-02 14:32:51 | SUCCESS | [ACN 2023] Cash flow: 100.0% coverage
2026-04-02 14:32:53 | SUCCESS | [ACN 2022] Income statement: 100.0% coverage
2026-04-02 14:32:53 | SUCCESS | [ACN 2022] Balance sheet: 100.0% coverage
2026-04-02 14:32:54 | SUCCESS | [ACN 2022] Cash flow: 100.0% coverage
2026-04-02 14:32:55 | SUCCESS | [ACN 2021] Income statement: 100.0% coverage
2026-04-02 14:32:56 | SUCCESS | [ACN 2021] Balance sheet: 100.0% coverage
2026-04-02 14:32:56 | SUCCESS | [ACN 2021] Cash flow: 100.0% coverage
2026-04-02 14:32:58 | SUCCESS | [ACN 2020] Income statement: 100.0% coverage
2026-04-02 14:32:58 | SUCCESS | [ACN 2020] Balance sheet: 100.0% coverage
2026-04-02 14:32:59 | SUCCESS | [ACN 2020] Cash flow: 100.0% coverage
2026-04-02 14:33:01 | SUCCESS | [ACN 2019] Income statement: 100.0% coverage
2026-04-02 14:33:01 | SUCCESS | [ACN 2019] Balance sheet: 100.0% coverage
2026-04-02 14:33:02 | SUCCESS | [ACN 2019] Cash flow: 100.0% coverage
2026-04-02 14:33:03 | SUCCESS | [ACN 2018] Income statement: 100.0% coverage
2026-04-02 14:33:04 | SUCCESS | [ACN 2018] Balance sheet: 100.0% coverage
2026-04-02 14:33:04 | SUCCESS | [ACN 2018] Cash flow: 100.0% coverage
2026-04-02 14:33:06 | SUCCESS | [ACN 2017] Income statement: 100.0% coverage
2026-04-02 14:33:06 | SUCCESS | [ACN 2017] Balance sheet: 100.0% coverage
2026-04-02 14:33:07 | SUCCESS | [ACN 2017] Cash flow: 100.0% coverage
2026-04-02 14:33:08 | SUCCESS | [ACN 2016] Income statement: 100.0% coverage
2026-04-02 14:33:09 | SUCCESS | [ACN 2016] Balance sheet: 100.0% coverage
2026-04-02 14:33:09 | SUCCESS | [ACN 2016] Cash flow: 100.0% coverage
2026-04-02 14:33:11 | INFO    | [ADBE] Retrieved company: ADOBE INC.
2026-04-02 14:33:11 | INFO    | [ADBE] Found 10 10-K filings
2026-04-02 14:33:11 | INFO    | [ADBE 2025] Already in database, skipping
2026-04-02 14:33:11 | INFO    | [ADBE 2024] Already in database, skipping
2026-04-02 14:33:11 | INFO    | [ADBE 2023] Already in database, skipping
2026-04-02 14:33:11 | INFO    | [ADBE 2022] Already in database, skipping
2026-04-02 14:33:11 | INFO    | [ADBE 2021] Already in database, skipping
2026-04-02 14:33:12 | SUCCESS | [ADBE 2020] Income statement: 100.0% coverage
2026-04-02 14:33:12 | SUCCESS | [ADBE 2020] Balance sheet: 100.0% coverage
2026-04-02 14:33:13 | SUCCESS | [ADBE 2020] Cash flow: 100.0% coverage
2026-04-02 14:33:15 | SUCCESS | [ADBE 2019] Income statement: 100.0% coverage
2026-04-02 14:33:15 | SUCCESS | [ADBE 2019] Balance sheet: 100.0% coverage
2026-04-02 14:33:16 | SUCCESS | [ADBE 2019] Cash flow: 100.0% coverage
2026-04-02 14:33:17 | SUCCESS | [ADBE 2018] Income statement: 100.0% coverage
2026-04-02 14:33:18 | SUCCESS | [ADBE 2018] Balance sheet: 100.0% coverage
2026-04-02 14:33:18 | SUCCESS | [ADBE 2018] Cash flow: 100.0% coverage
2026-04-02 14:33:20 | SUCCESS | [ADBE 2017] Income statement: 100.0% coverage
2026-04-02 14:33:23 | SUCCESS | [ADBE 2017] Balance sheet: 100.0% coverage
2026-04-02 14:33:24 | SUCCESS | [ADBE 2017] Cash flow: 100.0% coverage
2026-04-02 14:33:25 | SUCCESS | [ADBE 2016] Income statement: 100.0% coverage
2026-04-02 14:33:26 | SUCCESS | [ADBE 2016] Balance sheet: 100.0% coverage
2026-04-02 14:33:26 | SUCCESS | [ADBE 2016] Cash flow: 100.0% coverage
2026-04-02 14:33:27 | INFO    | [ADM] Retrieved company: Archer-Daniels-Midland Co
2026-04-02 14:33:28 | INFO    | [ADM] Found 10 10-K filings
2026-04-02 14:33:28 | SUCCESS | [ADM 2025] Income statement: 100.0% coverage
2026-04-02 14:33:29 | SUCCESS | [ADM 2025] Balance sheet: 100.0% coverage
2026-04-02 14:33:29 | SUCCESS | [ADM 2025] Cash flow: 100.0% coverage
2026-04-02 14:33:31 | SUCCESS | [ADM 2024] Income statement: 100.0% coverage
2026-04-02 14:33:32 | SUCCESS | [ADM 2024] Balance sheet: 100.0% coverage
2026-04-02 14:33:32 | SUCCESS | [ADM 2024] Cash flow: 100.0% coverage
2026-04-02 14:33:34 | SUCCESS | [ADM 2023] Income statement: 100.0% coverage
2026-04-02 14:33:34 | SUCCESS | [ADM 2023] Balance sheet: 100.0% coverage
2026-04-02 14:33:35 | SUCCESS | [ADM 2023] Cash flow: 100.0% coverage
2026-04-02 14:33:36 | INFO    | [ADM 2023] Already in database, skipping
2026-04-02 14:33:37 | SUCCESS | [ADM 2022] Income statement: 100.0% coverage
2026-04-02 14:33:37 | SUCCESS | [ADM 2022] Balance sheet: 100.0% coverage
2026-04-02 14:33:38 | SUCCESS | [ADM 2022] Cash flow: 100.0% coverage
2026-04-02 14:33:40 | SUCCESS | [ADM 2021] Income statement: 100.0% coverage
2026-04-02 14:33:40 | SUCCESS | [ADM 2021] Balance sheet: 100.0% coverage
2026-04-02 14:33:41 | SUCCESS | [ADM 2021] Cash flow: 100.0% coverage
2026-04-02 14:33:43 | SUCCESS | [ADM 2020] Income statement: 100.0% coverage
2026-04-02 14:33:43 | SUCCESS | [ADM 2020] Balance sheet: 100.0% coverage
2026-04-02 14:33:44 | SUCCESS | [ADM 2020] Cash flow: 100.0% coverage
2026-04-02 14:33:45 | SUCCESS | [ADM 2019] Income statement: 100.0% coverage
2026-04-02 14:33:46 | SUCCESS | [ADM 2019] Balance sheet: 100.0% coverage
2026-04-02 14:33:47 | SUCCESS | [ADM 2019] Cash flow: 100.0% coverage
2026-04-02 14:33:48 | SUCCESS | [ADM 2018] Income statement: 100.0% coverage
2026-04-02 14:33:49 | SUCCESS | [ADM 2018] Balance sheet: 100.0% coverage
2026-04-02 14:33:50 | SUCCESS | [ADM 2018] Cash flow: 100.0% coverage
2026-04-02 14:33:51 | SUCCESS | [ADM 2017] Income statement: 100.0% coverage
2026-04-02 14:33:52 | SUCCESS | [ADM 2017] Balance sheet: 100.0% coverage
2026-04-02 14:33:52 | SUCCESS | [ADM 2017] Cash flow: 100.0% coverage
2026-04-02 14:33:54 | INFO    | [AEO] Retrieved company: AMERICAN EAGLE OUTFITTERS INC
2026-04-02 14:33:54 | INFO    | [AEO] Found 10 10-K filings
2026-04-02 14:33:55 | SUCCESS | [AEO 2026] Income statement: 100.0% coverage
2026-04-02 14:33:58 | SUCCESS | [AEO 2026] Balance sheet: 100.0% coverage
2026-04-02 14:33:58 | SUCCESS | [AEO 2026] Cash flow: 100.0% coverage
